c:\users\lewis\documents\dgd_y1_s2\game mechanics i\game_mechanics_home_assignment_lewis_junior_cutajar_dgd_6.1a\tower defense\client\x64\debug\vc145.pdb
c:\users\lewis\documents\dgd_y1_s2\game mechanics i\game_mechanics_home_assignment_lewis_junior_cutajar_dgd_6.1a\tower defense\client\x64\debug\vc145.idb
c:\users\lewis\documents\dgd_y1_s2\game mechanics i\game_mechanics_home_assignment_lewis_junior_cutajar_dgd_6.1a\tower defense\client\x64\debug\towermanager.obj
c:\users\lewis\documents\dgd_y1_s2\game mechanics i\game_mechanics_home_assignment_lewis_junior_cutajar_dgd_6.1a\tower defense\client\x64\debug\shopmanager.obj
c:\users\lewis\documents\dgd_y1_s2\game mechanics i\game_mechanics_home_assignment_lewis_junior_cutajar_dgd_6.1a\tower defense\client\x64\debug\mapmanager.obj
c:\users\lewis\documents\dgd_y1_s2\game mechanics i\game_mechanics_home_assignment_lewis_junior_cutajar_dgd_6.1a\tower defense\client\x64\debug\gamemanager.obj
c:\users\lewis\documents\dgd_y1_s2\game mechanics i\game_mechanics_home_assignment_lewis_junior_cutajar_dgd_6.1a\tower defense\client\x64\debug\enemymanager.obj
c:\users\lewis\documents\dgd_y1_s2\game mechanics i\game_mechanics_home_assignment_lewis_junior_cutajar_dgd_6.1a\tower defense\client\x64\debug\main.obj
c:\users\lewis\documents\dgd_y1_s2\game mechanics i\game_mechanics_home_assignment_lewis_junior_cutajar_dgd_6.1a\tower defense\x64\debug\client.exe
c:\users\lewis\documents\dgd_y1_s2\game mechanics i\game_mechanics_home_assignment_lewis_junior_cutajar_dgd_6.1a\tower defense\x64\debug\client.pdb
c:\users\lewis\documents\dgd_y1_s2\game mechanics i\game_mechanics_home_assignment_lewis_junior_cutajar_dgd_6.1a\tower defense\client\x64\debug\client.ilk
c:\users\lewis\documents\dgd_y1_s2\game mechanics i\game_mechanics_home_assignment_lewis_junior_cutajar_dgd_6.1a\tower defense\client\x64\debug\vc143.idb
c:\users\lewis\documents\dgd_y1_s2\game mechanics i\game_mechanics_home_assignment_lewis_junior_cutajar_dgd_6.1a\tower defense\client\x64\debug\vc143.pdb
c:\users\lewis\documents\dgd_y1_s2\game mechanics i\game_mechanics_home_assignment_lewis_junior_cutajar_dgd_6.1a\tower defense\client\x64\debug\client.tlog\cl.command.1.tlog
c:\users\lewis\documents\dgd_y1_s2\game mechanics i\game_mechanics_home_assignment_lewis_junior_cutajar_dgd_6.1a\tower defense\client\x64\debug\client.tlog\cl.items.tlog
c:\users\lewis\documents\dgd_y1_s2\game mechanics i\game_mechanics_home_assignment_lewis_junior_cutajar_dgd_6.1a\tower defense\client\x64\debug\client.tlog\cl.write.1.tlog
c:\users\lewis\documents\dgd_y1_s2\game mechanics i\game_mechanics_home_assignment_lewis_junior_cutajar_dgd_6.1a\tower defense\client\x64\debug\client.tlog\link.command.1.tlog
c:\users\lewis\documents\dgd_y1_s2\game mechanics i\game_mechanics_home_assignment_lewis_junior_cutajar_dgd_6.1a\tower defense\client\x64\debug\client.tlog\link.read.1.tlog
c:\users\lewis\documents\dgd_y1_s2\game mechanics i\game_mechanics_home_assignment_lewis_junior_cutajar_dgd_6.1a\tower defense\client\x64\debug\client.tlog\link.secondary.1.tlog
c:\users\lewis\documents\dgd_y1_s2\game mechanics i\game_mechanics_home_assignment_lewis_junior_cutajar_dgd_6.1a\tower defense\client\x64\debug\client.tlog\link.write.1.tlog
